Archive member included to satisfy reference by file (symbol)

c:/program files/microchip/xc8/v2.36/avr/bin/../lib/gcc/avr/5.4.0/../../../../avr/lib/avrxmega4/memx-const\libm.a(addsf3.o)
                              build/default/production/main.o (__subsf3)
c:/program files/microchip/xc8/v2.36/avr/bin/../lib/gcc/avr/5.4.0/../../../../avr/lib/avrxmega4/memx-const\libm.a(addsf3x.o)
                              c:/program files/microchip/xc8/v2.36/avr/bin/../lib/gcc/avr/5.4.0/../../../../avr/lib/avrxmega4/memx-const\libm.a(addsf3.o) (__addsf3x)
c:/program files/microchip/xc8/v2.36/avr/bin/../lib/gcc/avr/5.4.0/../../../../avr/lib/avrxmega4/memx-const\libm.a(divsf3.o)
                              build/default/production/main.o (__divsf3)
c:/program files/microchip/xc8/v2.36/avr/bin/../lib/gcc/avr/5.4.0/../../../../avr/lib/avrxmega4/memx-const\libm.a(divsf3x.o)
                              c:/program files/microchip/xc8/v2.36/avr/bin/../lib/gcc/avr/5.4.0/../../../../avr/lib/avrxmega4/memx-const\libm.a(divsf3.o) (__divsf3x)
c:/program files/microchip/xc8/v2.36/avr/bin/../lib/gcc/avr/5.4.0/../../../../avr/lib/avrxmega4/memx-const\libm.a(floatsisf.o)
                              build/default/production/main.o (__floatunsisf)
c:/program files/microchip/xc8/v2.36/avr/bin/../lib/gcc/avr/5.4.0/../../../../avr/lib/avrxmega4/memx-const\libm.a(fp_inf.o)
                              c:/program files/microchip/xc8/v2.36/avr/bin/../lib/gcc/avr/5.4.0/../../../../avr/lib/avrxmega4/memx-const\libm.a(addsf3x.o) (__fp_inf)
c:/program files/microchip/xc8/v2.36/avr/bin/../lib/gcc/avr/5.4.0/../../../../avr/lib/avrxmega4/memx-const\libm.a(fp_nan.o)
                              c:/program files/microchip/xc8/v2.36/avr/bin/../lib/gcc/avr/5.4.0/../../../../avr/lib/avrxmega4/memx-const\libm.a(addsf3x.o) (__fp_nan)
c:/program files/microchip/xc8/v2.36/avr/bin/../lib/gcc/avr/5.4.0/../../../../avr/lib/avrxmega4/memx-const\libm.a(fp_pscA.o)
                              c:/program files/microchip/xc8/v2.36/avr/bin/../lib/gcc/avr/5.4.0/../../../../avr/lib/avrxmega4/memx-const\libm.a(addsf3x.o) (__fp_pscA)
c:/program files/microchip/xc8/v2.36/avr/bin/../lib/gcc/avr/5.4.0/../../../../avr/lib/avrxmega4/memx-const\libm.a(fp_pscB.o)
                              c:/program files/microchip/xc8/v2.36/avr/bin/../lib/gcc/avr/5.4.0/../../../../avr/lib/avrxmega4/memx-const\libm.a(addsf3x.o) (__fp_pscB)
c:/program files/microchip/xc8/v2.36/avr/bin/../lib/gcc/avr/5.4.0/../../../../avr/lib/avrxmega4/memx-const\libm.a(fp_round.o)
                              c:/program files/microchip/xc8/v2.36/avr/bin/../lib/gcc/avr/5.4.0/../../../../avr/lib/avrxmega4/memx-const\libm.a(addsf3.o) (__fp_round)
c:/program files/microchip/xc8/v2.36/avr/bin/../lib/gcc/avr/5.4.0/../../../../avr/lib/avrxmega4/memx-const\libm.a(fp_split3.o)
                              c:/program files/microchip/xc8/v2.36/avr/bin/../lib/gcc/avr/5.4.0/../../../../avr/lib/avrxmega4/memx-const\libm.a(addsf3x.o) (__fp_split3)
c:/program files/microchip/xc8/v2.36/avr/bin/../lib/gcc/avr/5.4.0/../../../../avr/lib/avrxmega4/memx-const\libm.a(fp_zero.o)
                              c:/program files/microchip/xc8/v2.36/avr/bin/../lib/gcc/avr/5.4.0/../../../../avr/lib/avrxmega4/memx-const\libm.a(addsf3x.o) (__fp_zero)
c:/program files/microchip/xc8/v2.36/avr/bin/../lib/gcc/avr/5.4.0/../../../../avr/lib/avrxmega4/memx-const\libm.a(mulsf3.o)
                              build/default/production/main.o (__mulsf3)
c:/program files/microchip/xc8/v2.36/avr/bin/../lib/gcc/avr/5.4.0/../../../../avr/lib/avrxmega4/memx-const\libm.a(mulsf3x.o)
                              c:/program files/microchip/xc8/v2.36/avr/bin/../lib/gcc/avr/5.4.0/../../../../avr/lib/avrxmega4/memx-const\libm.a(mulsf3.o) (__mulsf3x)
c:/program files/microchip/xc8/v2.36/avr/bin/../lib/gcc/avr/5.4.0/avrxmega4/memx-const\libgcc.a(_xload_1.o)
                              build/default/production/main.o (__xload_1)
c:/program files/microchip/xc8/v2.36/avr/bin/../lib/gcc/avr/5.4.0/../../../../avr/lib/avrxmega4/memx-const\libc.a(exit.o)
                              C:/Program Files/Microchip/MPLABX/v6.15/packs/Microchip/AVR-Dx_DFP/2.3.272/xc8/avr/lib/avrxmega4/memx-const/crtavr128da48.o (exit)
c:/program files/microchip/xc8/v2.36/avr/bin/../lib/gcc/avr/5.4.0/../../../../avr/lib/avrxmega4/memx-const\libc.a(vsprintf.o)
                              build/default/production/main.o (vsprintf)
c:/program files/microchip/xc8/v2.36/avr/bin/../lib/gcc/avr/5.4.0/../../../../avr/lib/avrxmega4/memx-const\libc.a(strlen.o)
                              build/default/production/main.o (strlen)
c:/program files/microchip/xc8/v2.36/avr/bin/../lib/gcc/avr/5.4.0/../../../../avr/lib/avrxmega4/memx-const\libc.a(_Exit.o)
                              c:/program files/microchip/xc8/v2.36/avr/bin/../lib/gcc/avr/5.4.0/../../../../avr/lib/avrxmega4/memx-const\libc.a(exit.o) (_Exit)
[...]
Memory Configuration

Name             Origin             Length             Attributes
text             0x0000000000000000 0x0000000000020000 xr
data             0x0000000000804000 0x0000000000004000 rw !x
eeprom           0x0000000000810000 0x0000000000000200 rw !x
fuse             0x0000000000820000 0x0000000000000010 rw !x
lock             0x0000000000830000 0x0000000000000400 rw !x
signature        0x0000000000840000 0x0000000000000400 rw !x
user_signatures  0x0000000000850000 0x0000000000000400 rw !x
*default*        0x0000000000000000 0xffffffffffffffff

Linker script and memory map

Address of section .data set to 0x804000
                0x0000000000008000                __RODATA_PM_OFFSET__ = 0x8000
LOAD C:/Program Files/Microchip/MPLABX/v6.15/packs/Microchip/AVR-Dx_DFP/2.3.272/xc8/avr/lib/avrxmega4/memx-const/crtavr128da48.o
                0x0000000000000001                __MPLAB_BUILD = 0x1
LOAD build/default/production/main.o
START GROUP
LOAD c:/program files/microchip/xc8/v2.36/avr/bin/../lib/gcc/avr/5.4.0/../../../../avr/lib/avrxmega4/memx-const\libm.a
END GROUP
START GROUP
LOAD c:/program files/microchip/xc8/v2.36/avr/bin/../lib/gcc/avr/5.4.0/avrxmega4/memx-const\libgcc.a
LOAD c:/program files/microchip/xc8/v2.36/avr/bin/../lib/gcc/avr/5.4.0/../../../../avr/lib/avrxmega4/memx-const\libm.a
LOAD c:/program files/microchip/xc8/v2.36/avr/bin/../lib/gcc/avr/5.4.0/../../../../avr/lib/avrxmega4/memx-const\libc.a
LOAD C:/Program Files/Microchip/MPLABX/v6.15/packs/Microchip/AVR-Dx_DFP/2.3.272/xc8/avr/lib/avrxmega4/memx-const\libavr128da48.a
END GROUP
                [0x0000000000000000]                __TEXT_REGION_ORIGIN__ = DEFINED (__TEXT_REGION_ORIGIN__)?__TEXT_REGION_ORIGIN__:0x0
                [0x0000000000804000]                __DATA_REGION_ORIGIN__ = DEFINED (__DATA_REGION_ORIGIN__)?__DATA_REGION_ORIGIN__:0x802000
                [0x0000000000020000]                __TEXT_REGION_LENGTH__ = DEFINED (__TEXT_REGION_LENGTH__)?__TEXT_REGION_LENGTH__:0x100000
                [0x0000000000004000]                __DATA_REGION_LENGTH__ = DEFINED (__DATA_REGION_LENGTH__)?__DATA_REGION_LENGTH__:0xffa0
                [0x0000000000000200]                __EEPROM_REGION_LENGTH__ = DEFINED (__EEPROM_REGION_LENGTH__)?__EEPROM_REGION_LENGTH__:0x10000
                [0x0000000000000010]                __FUSE_REGION_LENGTH__ = DEFINED (__FUSE_REGION_LENGTH__)?__FUSE_REGION_LENGTH__:0x400
                0x0000000000000400                __LOCK_REGION_LENGTH__ = DEFINED (__LOCK_REGION_LENGTH__)?__LOCK_REGION_LENGTH__:0x400
                0x0000000000000400                __SIGNATURE_REGION_LENGTH__ = DEFINED (__SIGNATURE_REGION_LENGTH__)?__SIGNATURE_REGION_LENGTH__:0x400
                0x0000000000000400                __USER_SIGNATURE_REGION_LENGTH__ = DEFINED (__USER_SIGNATURE_REGION_LENGTH__)?__USER_SIGNATURE_REGION_LENGTH__:0x400

.hash
 *(.hash)

.dynsym
 *(.dynsym)

.dynstr
 *(.dynstr)

.gnu.version
 *(.gnu.version)

.gnu.version_d
 *(.gnu.version_d)

.gnu.version_r
 *(.gnu.version_r)

.rel.init
 *(.rel.init)

.rela.init
 *(.rela.init)

.rel.text
 *(.rel.text)
 *(.rel.text.*)
 *(.rel.gnu.linkonce.t*)

.rela.text
 *(.rela.text)
 *(.rela.text.*)
 *(.rela.gnu.linkonce.t*)

.rel.fini
 *(.rel.fini)

.rela.fini
 *(.rela.fini)

.rel.rodata
 *(.rel.rodata)
 *(.rel.rodata.*)
 *(.rel.gnu.linkonce.r*)

.rela.rodata
 *(.rela.rodata)
 *(.rela.rodata.*)
 *(.rela.gnu.linkonce.r*)

.rel.data
 *(.rel.data)
 *(.rel.data.*)
 *(.rel.gnu.linkonce.d*)

.rela.data
 *(.rela.data)
 *(.rela.data.*)
 *(.rela.gnu.linkonce.d*)

.rel.ctors
 *(.rel.ctors)

.rela.ctors
 *(.rela.ctors)

.rel.dtors
 *(.rel.dtors)

.rela.dtors
 *(.rela.dtors)

.rel.got
 *(.rel.got)

.rela.got
 *(.rela.got)

.rel.bss
 *(.rel.bss)

.rela.bss
 *(.rela.bss)

.rel.plt
 *(.rel.plt)

.rela.plt
 *(.rela.plt)

.text           0x0000000000000000      0x146
 *(.vectors)
 .vectors       0x0000000000000000       0xe8 C:/Program Files/Microchip/MPLABX/v6.15/packs/Microchip/AVR-Dx_DFP/2.3.272/xc8/avr/lib/avrxmega4/memx-const/crtavr128da48.o
                0x0000000000000000                __vector_default
                0x0000000000000000                __vectors
 *(.vectors)
 *(.progmem.gcc*)
 *(.dinit)
 .dinit         0x00000000000000e8        0x5 data_init
                0x00000000000000ee                . = ALIGN (0x2)
 *fill*         0x00000000000000ed        0x1 
                0x00000000000000ee                __trampolines_start = .
 *(.trampolines)
 .trampolines   0x00000000000000ee        0x0 linker stubs
 *(.trampolines*)
                0x00000000000000ee                __trampolines_end = .
 *libprintf_flt.a:*(.progmem.data)
 *libc.a:*(.progmem.data)
                0x00000000000000ee                . = ALIGN (0x2)
 *(.jumptables)
 *(.jumptables*)
 *(.lowtext)
 *(.lowtext*)
                0x00000000000000ee                __ctors_start = .
 *(.ctors)
                0x00000000000000ee                __ctors_end = .
                0x00000000000000ee                __dtors_start = .
 *(.dtors)
                0x00000000000000ee                __dtors_end = .
 SORT(*)(.ctors)
 SORT(*)(.dtors)
 *(.init0)
 .init0         0x00000000000000ee        0x0 C:/Program Files/Microchip/MPLABX/v6.15/packs/Microchip/AVR-Dx_DFP/2.3.272/xc8/avr/lib/avrxmega4/memx-const/crtavr128da48.o
                0x00000000000000ee                __init
 *(.init0)
 *(.init1)
 *(.init1)
 *(.init2)
 .init2         0x00000000000000ee        0xc C:/Program Files/Microchip/MPLABX/v6.15/packs/Microchip/AVR-Dx_DFP/2.3.272/xc8/avr/lib/avrxmega4/memx-const/crtavr128da48.o
 *(.init2)
 *(.init3)
 *(.init3)
 *(.init4)
 .init4         0x00000000000000fa       0x40 c:/program files/microchip/xc8/v2.36/avr/bin/../lib/gcc/avr/5.4.0/avrxmega4/memx-const\libgcc.a(_copy_data.o)
                0x00000000000000fa                __do_copy_data
                0x000000000000012c                __do_clear_bss
 *(.init4)
 *(.init5)
 *(.init5)
 *(.init6)
 *(.init6)
 *(.init7)
 *(.init7)
 *(.init8)
 *(.init8)
 *(.init9)
 .init9         0x000000000000013a        0x8 C:/Program Files/Microchip/MPLABX/v6.15/packs/Microchip/AVR-Dx_DFP/2.3.272/xc8/avr/lib/avrxmega4/memx-const/crtavr128da48.o
 *(.init9)
                0x0000000000000142                . = ALIGN (0x2)
 *(.fini9)
 .fini9         0x0000000000000142        0x0 c:/program files/microchip/xc8/v2.36/avr/bin/../lib/gcc/avr/5.4.0/avrxmega4/memx-const\libgcc.a(_exit.o)
                0x0000000000000142                _exit
 *(.fini9)
 *(.fini8)
 *(.fini8)
 *(.fini7)
 *(.fini7)
 *(.fini6)
 *(.fini6)
 *(.fini5)
 *(.fini5)
 *(.fini4)
 *(.fini4)
 *(.fini3)
 *(.fini3)
 *(.fini2)
 *(.fini2)
 *(.fini1)
 *(.fini1)
 *(.fini0)
 .fini0         0x0000000000000142        0x4 c:/program files/microchip/xc8/v2.36/avr/bin/../lib/gcc/avr/5.4.0/avrxmega4/memx-const\libgcc.a(_exit.o)
 *(.fini0)
                0x0000000000000146                _etext = .

.data           0x0000000000804000        0x0 load address 0x0000000000000146
                [!provide]                        PROVIDE (__data_start, .)
 *(.gnu.linkonce.d*)
 *(.gnu.linkonce.r*)
                0x0000000000804000                . = ALIGN (0x2)
                0x0000000000804000                _edata = .
                [!provide]                        PROVIDE (__data_end, .)

.bss            0x0000000000804000        0x2
                [!provide]                        PROVIDE (__bss_start, .)
 *(COMMON)
 COMMON         0x0000000000804000        0x2 c:/program files/microchip/xc8/v2.36/avr/bin/../lib/gcc/avr/5.4.0/../../../../avr/lib/avrxmega4/memx-const\libc.a(errno.o)
                0x0000000000804000                __errno_val
                [!provide]                        PROVIDE (__bss_end, .)
                0x0000000000000146                __data_load_start = LOADADDR (.data)
                0x0000000000000146                __data_load_end = (__data_load_start + SIZEOF (.data))

.noinit         0x0000000000804002        0x0
                [!provide]                        PROVIDE (__noinit_start, .)
 *(.noinit*)
                [!provide]                        PROVIDE (__noinit_end, .)
                0x0000000000804002                _end = .

.eeprom         0x0000000000810000        0x0
 *(.eeprom*)
                0x0000000000810000                __eeprom_end = .

.fuse
 *(.fuse)
 *(.lfuse)
 *(.hfuse)
 *(.efuse)

.lock
 *(.lock*)

.signature
 *(.signature*)

.user_signatures
 *(.user_signatures*)

.stab
 *(.stab)

.stabstr
 *(.stabstr)

.stab.excl
 *(.stab.excl)

.stab.exclstr
 *(.stab.exclstr)

.stab.index
 *(.stab.index)

.stab.indexstr
 *(.stab.indexstr)

.comment        0x0000000000000000       0x2f
 *(.comment)
 .comment       0x0000000000000000       0x2f build/default/production/main.o
                                         0x30 (size before relaxing)
 .comment       0x000000000000002f       0x30 c:/program files/microchip/xc8/v2.36/avr/bin/../lib/gcc/avr/5.4.0/../../../../avr/lib/avrxmega4/memx-const\libc.a(exit.o)
 .comment       0x000000000000002f       0x30 c:/program files/microchip/xc8/v2.36/avr/bin/../lib/gcc/avr/5.4.0/../../../../avr/lib/avrxmega4/memx-const\libc.a(vsprintf.o)
 .comment       0x000000000000002f       0x30 c:/program files/microchip/xc8/v2.36/avr/bin/../lib/gcc/avr/5.4.0/../../../../avr/lib/avrxmega4/memx-const\libc.a(strlen.o)
 .comment       0x000000000000002f       0x30 c:/program files/microchip/xc8/v2.36/avr/bin/../lib/gcc/avr/5.4.0/../../../../avr/lib/avrxmega4/memx-const\libc.a(_Exit.o)
 .comment       0x000000000000002f       0x30 c:/program files/microchip/xc8/v2.36/avr/bin/../lib/gcc/avr/5.4.0/../../../../avr/lib/avrxmega4/memx-const\libc.a(vsnprintf.o)
 .comment       0x000000000000002f       0x30 c:/program files/microchip/xc8/v2.36/avr/bin/../lib/gcc/avr/5.4.0/../../../../avr/lib/avrxmega4/memx-const\libc.a(vfprintf.o)
 .comment       0x000000000000002f       0x30 c:/program files/microchip/xc8/v2.36/avr/bin/../lib/gcc/avr/5.4.0/../../../../avr/lib/avrxmega4/memx-const\libc.a(errno.o)
 .comment       0x000000000000002f       0x30 c:/program files/microchip/xc8/v2.36/avr/bin/../lib/gcc/avr/5.4.0/../../../../avr/lib/avrxmega4/memx-const\libc.a(__printf_core.o)
 .comment       0x000000000000002f       0x30 c:/program files/microchip/xc8/v2.36/avr/bin/../lib/gcc/avr/5.4.0/../../../../avr/lib/avrxmega4/memx-const\libc.a(fputc.o)
 .comment       0x000000000000002f       0x30 c:/program files/microchip/xc8/v2.36/avr/bin/../lib/gcc/avr/5.4.0/../../../../avr/lib/avrxmega4/memx-const\libc.a(__pop_float.o)
 .comment       0x000000000000002f       0x30 c:/program files/microchip/xc8/v2.36/avr/bin/../lib/gcc/avr/5.4.0/../../../../avr/lib/avrxmega4/memx-const\libc.a(__pop_int.o)
 .comment       0x000000000000002f       0x30 c:/program files/microchip/xc8/v2.36/avr/bin/../lib/gcc/avr/5.4.0/../../../../avr/lib/avrxmega4/memx-const\libc.a(__pop_ptr.o)
 .comment       0x000000000000002f       0x30 c:/program files/microchip/xc8/v2.36/avr/bin/../lib/gcc/avr/5.4.0/../../../../avr/lib/avrxmega4/memx-const\libc.a(atoi.o)
 .comment       0x000000000000002f       0x30 c:/program files/microchip/xc8/v2.36/avr/bin/../lib/gcc/avr/5.4.0/../../../../avr/lib/avrxmega4/memx-const\libc.a(memset.o)
 .comment       0x000000000000002f       0x30 c:/program files/microchip/xc8/v2.36/avr/bin/../lib/gcc/avr/5.4.0/../../../../avr/lib/avrxmega4/memx-const\libc.a(tolower.o)
 .comment       0x000000000000002f       0x30 c:/program files/microchip/xc8/v2.36/avr/bin/../lib/gcc/avr/5.4.0/../../../../avr/lib/avrxmega4/memx-const\libc.a(__fmt_fp.o)
 .comment       0x000000000000002f       0x30 c:/program files/microchip/xc8/v2.36/avr/bin/../lib/gcc/avr/5.4.0/../../../../avr/lib/avrxmega4/memx-const\libc.a(__fmt_s.o)
 .comment       0x000000000000002f       0x30 c:/program files/microchip/xc8/v2.36/avr/bin/../lib/gcc/avr/5.4.0/../../../../avr/lib/avrxmega4/memx-const\libc.a(__fmt_a.o)
 .comment       0x000000000000002f       0x30 c:/program files/microchip/xc8/v2.36/avr/bin/../lib/gcc/avr/5.4.0/../../../../avr/lib/avrxmega4/memx-const\libc.a(__fmt_d.o)
 .comment       0x000000000000002f       0x30 c:/program files/microchip/xc8/v2.36/avr/bin/../lib/gcc/avr/5.4.0/../../../../avr/lib/avrxmega4/memx-const\libc.a(__fmt_o.o)
 .comment       0x000000000000002f       0x30 c:/program files/microchip/xc8/v2.36/avr/bin/../lib/gcc/avr/5.4.0/../../../../avr/lib/avrxmega4/memx-const\libc.a(__fmt_u.o)
 .comment       0x000000000000002f       0x30 c:/program files/microchip/xc8/v2.36/avr/bin/../lib/gcc/avr/5.4.0/../../../../avr/lib/avrxmega4/memx-const\libc.a(__fmt_x.o)
 .comment       0x000000000000002f       0x30 c:/program files/microchip/xc8/v2.36/avr/bin/../lib/gcc/avr/5.4.0/../../../../avr/lib/avrxmega4/memx-const\libc.a(strcpy.o)
 .comment       0x000000000000002f       0x30 c:/program files/microchip/xc8/v2.36/avr/bin/../lib/gcc/avr/5.4.0/../../../../avr/lib/avrxmega4/memx-const\libc.a(toupper.o)
 .comment       0x000000000000002f       0x30 c:/program files/microchip/xc8/v2.36/avr/bin/../lib/gcc/avr/5.4.0/../../../../avr/lib/avrxmega4/memx-const\libm.a(floorf.o)
 .comment       0x000000000000002f       0x30 c:/program files/microchip/xc8/v2.36/avr/bin/../lib/gcc/avr/5.4.0/../../../../avr/lib/avrxmega4/memx-const\libm.a(fmaf.o)

.stack.descriptors.hdr
                0x0000000000000000      0x1a4
 .stack.descriptors.hdr
                0x0000000000000000        0xe c:/program files/microchip/xc8/v2.36/avr/bin/../lib/gcc/avr/5.4.0/../../../../avr/lib/avrxmega4/memx-const\libm.a(addsf3.o)
 .stack.descriptors.hdr
                0x000000000000000e        0xe c:/program files/microchip/xc8/v2.36/avr/bin/../lib/gcc/avr/5.4.0/../../../../avr/lib/avrxmega4/memx-const\libm.a(addsf3x.o)
 .stack.descriptors.hdr
                0x000000000000001c        0xe c:/program files/microchip/xc8/v2.36/avr/bin/../lib/gcc/avr/5.4.0/../../../../avr/lib/avrxmega4/memx-const\libm.a(divsf3.o)
 .stack.descriptors.hdr
                0x000000000000002a        0xe c:/program files/microchip/xc8/v2.36/avr/bin/../lib/gcc/avr/5.4.0/../../../../avr/lib/avrxmega4/memx-const\libm.a(divsf3x.o)
 .stack.descriptors.hdr
                0x0000000000000038        0xe c:/program files/microchip/xc8/v2.36/avr/bin/../lib/gcc/avr/5.4.0/../../../../avr/lib/avrxmega4/memx-const\libm.a(floatsisf.o)
 .stack.descriptors.hdr
                0x0000000000000046        0xe c:/program files/microchip/xc8/v2.36/avr/bin/../lib/gcc/avr/5.4.0/../../../../avr/lib/avrxmega4/memx-const\libm.a(fp_inf.o)
 .stack.descriptors.hdr
                0x0000000000000054        0xe c:/program files/microchip/xc8/v2.36/avr/bin/../lib/gcc/avr/5.4.0/../../../../avr/lib/avrxmega4/memx-const\libm.a(fp_nan.o)
 .stack.descriptors.hdr
                0x0000000000000062        0xe c:/program files/microchip/xc8/v2.36/avr/bin/../lib/gcc/avr/5.4.0/../../../../avr/lib/avrxmega4/memx-const\libm.a(fp_pscA.o)
 .stack.descriptors.hdr
                0x0000000000000070        0xe c:/program files/microchip/xc8/v2.36/avr/bin/../lib/gcc/avr/5.4.0/../../../../avr/lib/avrxmega4/memx-const\libm.a(fp_pscB.o)
 .stack.descriptors.hdr
                0x000000000000007e        0xe c:/program files/microchip/xc8/v2.36/avr/bin/../lib/gcc/avr/5.4.0/../../../../avr/lib/avrxmega4/memx-const\libm.a(fp_round.o)
 .stack.descriptors.hdr
                0x000000000000008c        0xe c:/program files/microchip/xc8/v2.36/avr/bin/../lib/gcc/avr/5.4.0/../../../../avr/lib/avrxmega4/memx-const\libm.a(fp_split3.o)
 .stack.descriptors.hdr
                0x000000000000009a        0xe c:/program files/microchip/xc8/v2.36/avr/bin/../lib/gcc/avr/5.4.0/../../../../avr/lib/avrxmega4/memx-const\libm.a(fp_zero.o)
 .stack.descriptors.hdr
                0x00000000000000a8        0xe c:/program files/microchip/xc8/v2.36/avr/bin/../lib/gcc/avr/5.4.0/../../../../avr/lib/avrxmega4/memx-const\libm.a(mulsf3.o)
 .stack.descriptors.hdr
                0x00000000000000b6        0xe c:/program files/microchip/xc8/v2.36/avr/bin/../lib/gcc/avr/5.4.0/../../../../avr/lib/avrxmega4/memx-const\libm.a(mulsf3x.o)
 .stack.descriptors.hdr
                0x00000000000000c4        0xe c:/program files/microchip/xc8/v2.36/avr/bin/../lib/gcc/avr/5.4.0/avrxmega4/memx-const\libgcc.a(_xload_1.o)
 .stack.descriptors.hdr
                0x00000000000000d2        0xe c:/program files/microchip/xc8/v2.36/avr/bin/../lib/gcc/avr/5.4.0/avrxmega4/memx-const\libgcc.a(_divmodhi4.o)
 .stack.descriptors.hdr
                0x00000000000000e0        0xe c:/program files/microchip/xc8/v2.36/avr/bin/../lib/gcc/avr/5.4.0/avrxmega4/memx-const\libgcc.a(_exit.o)
 .stack.descriptors.hdr
                0x00000000000000ee        0xe c:/program files/microchip/xc8/v2.36/avr/bin/../lib/gcc/avr/5.4.0/avrxmega4/memx-const\libgcc.a(_udivdi3.o)
 .stack.descriptors.hdr
                0x00000000000000fc        0xe c:/program files/microchip/xc8/v2.36/avr/bin/../lib/gcc/avr/5.4.0/avrxmega4/memx-const\libgcc.a(_udivmod64.o)
 .stack.descriptors.hdr
                0x000000000000010a        0xe c:/program files/microchip/xc8/v2.36/avr/bin/../lib/gcc/avr/5.4.0/avrxmega4/memx-const\libgcc.a(_negdi2.o)
 .stack.descriptors.hdr
                0x0000000000000118        0xe c:/program files/microchip/xc8/v2.36/avr/bin/../lib/gcc/avr/5.4.0/avrxmega4/memx-const\libgcc.a(_movmemx.o)
 .stack.descriptors.hdr
                0x0000000000000126        0xe c:/program files/microchip/xc8/v2.36/avr/bin/../lib/gcc/avr/5.4.0/avrxmega4/memx-const\libgcc.a(_ashrdi3.o)
 .stack.descriptors.hdr
                0x0000000000000134        0xe c:/program files/microchip/xc8/v2.36/avr/bin/../lib/gcc/avr/5.4.0/avrxmega4/memx-const\libgcc.a(_cmpdi2_s8.o)
 .stack.descriptors.hdr
                0x0000000000000142        0xe c:/program files/microchip/xc8/v2.36/avr/bin/../lib/gcc/avr/5.4.0/avrxmega4/memx-const\libgcc.a(_udivmodhi4.o)
 .stack.descriptors.hdr
                0x0000000000000150        0xe c:/program files/microchip/xc8/v2.36/avr/bin/../lib/gcc/avr/5.4.0/../../../../avr/lib/avrxmega4/memx-const\libm.a(cmpsf2.o)
 .stack.descriptors.hdr
                0x000000000000015e        0xe c:/program files/microchip/xc8/v2.36/avr/bin/../lib/gcc/avr/5.4.0/../../../../avr/lib/avrxmega4/memx-const\libm.a(fixsfsi.o)
 .stack.descriptors.hdr
                0x000000000000016c        0xe c:/program files/microchip/xc8/v2.36/avr/bin/../lib/gcc/avr/5.4.0/../../../../avr/lib/avrxmega4/memx-const\libm.a(fixunssfsi.o)
 .stack.descriptors.hdr
                0x000000000000017a        0xe c:/program files/microchip/xc8/v2.36/avr/bin/../lib/gcc/avr/5.4.0/../../../../avr/lib/avrxmega4/memx-const\libm.a(fp_cmp.o)
 .stack.descriptors.hdr
                0x0000000000000188        0xe c:/program files/microchip/xc8/v2.36/avr/bin/../lib/gcc/avr/5.4.0/../../../../avr/lib/avrxmega4/memx-const\libm.a(gesf2.o)
 .stack.descriptors.hdr
                0x0000000000000196        0xe c:/program files/microchip/xc8/v2.36/avr/bin/../lib/gcc/avr/5.4.0/avrxmega4/memx-const\libgcc.a(_adddi3_s8.o)

.note.GNU-stack
                0x0000000000000000        0x0
 .note.GNU-stack
                0x0000000000000000        0x0 c:/program files/microchip/xc8/v2.36/avr/bin/../lib/gcc/avr/5.4.0/../../../../avr/lib/avrxmega4/memx-const\libm.a(addsf3.o)
 .note.GNU-stack
                0x0000000000000000        0x0 c:/program files/microchip/xc8/v2.36/avr/bin/../lib/gcc/avr/5.4.0/../../../../avr/lib/avrxmega4/memx-const\libm.a(addsf3x.o)
 .note.GNU-stack
                0x0000000000000000        0x0 c:/program files/microchip/xc8/v2.36/avr/bin/../lib/gcc/avr/5.4.0/../../../../avr/lib/avrxmega4/memx-const\libm.a(divsf3.o)
 .note.GNU-stack
                0x0000000000000000        0x0 c:/program files/microchip/xc8/v2.36/avr/bin/../lib/gcc/avr/5.4.0/../../../../avr/lib/avrxmega4/memx-const\libm.a(divsf3x.o)
 .note.GNU-stack
                0x0000000000000000        0x0 c:/program files/microchip/xc8/v2.36/avr/bin/../lib/gcc/avr/5.4.0/../../../../avr/lib/avrxmega4/memx-const\libm.a(floatsisf.o)
 .note.GNU-stack
                0x0000000000000000        0x0 c:/program files/microchip/xc8/v2.36/avr/bin/../lib/gcc/avr/5.4.0/../../../../avr/lib/avrxmega4/memx-const\libm.a(fp_inf.o)
 .note.GNU-stack
                0x0000000000000000        0x0 c:/program files/microchip/xc8/v2.36/avr/bin/../lib/gcc/avr/5.4.0/../../../../avr/lib/avrxmega4/memx-const\libm.a(fp_nan.o)
 .note.GNU-stack
                0x0000000000000000        0x0 c:/program files/microchip/xc8/v2.36/avr/bin/../lib/gcc/avr/5.4.0/../../../../avr/lib/avrxmega4/memx-const\libm.a(fp_pscA.o)
 .note.GNU-stack
                0x0000000000000000        0x0 c:/program files/microchip/xc8/v2.36/avr/bin/../lib/gcc/avr/5.4.0/../../../../avr/lib/avrxmega4/memx-const\libm.a(fp_pscB.o)
 .note.GNU-stack
                0x0000000000000000        0x0 c:/program files/microchip/xc8/v2.36/avr/bin/../lib/gcc/avr/5.4.0/../../../../avr/lib/avrxmega4/memx-const\libm.a(fp_round.o)
 .note.GNU-stack
                0x0000000000000000        0x0 c:/program files/microchip/xc8/v2.36/avr/bin/../lib/gcc/avr/5.4.0/../../../../avr/lib/avrxmega4/memx-const\libm.a(fp_split3.o)
 .note.GNU-stack
                0x0000000000000000        0x0 c:/program files/microchip/xc8/v2.36/avr/bin/../lib/gcc/avr/5.4.0/../../../../avr/lib/avrxmega4/memx-const\libm.a(fp_zero.o)
 .note.GNU-stack
                0x0000000000000000        0x0 c:/program files/microchip/xc8/v2.36/avr/bin/../lib/gcc/avr/5.4.0/../../../../avr/lib/avrxmega4/memx-const\libm.a(mulsf3.o)
 .note.GNU-stack
                0x0000000000000000        0x0 c:/program files/microchip/xc8/v2.36/avr/bin/../lib/gcc/avr/5.4.0/../../../../avr/lib/avrxmega4/memx-const\libm.a(mulsf3x.o)
 .note.GNU-stack
                0x0000000000000000        0x0 c:/program files/microchip/xc8/v2.36/avr/bin/../lib/gcc/avr/5.4.0/../../../../avr/lib/avrxmega4/memx-const\libc.a(exit.o)
 .note.GNU-stack
                0x0000000000000000        0x0 c:/program files/microchip/xc8/v2.36/avr/bin/../lib/gcc/avr/5.4.0/../../../../avr/lib/avrxmega4/memx-const\libc.a(vsprintf.o)
 .note.GNU-stack
                0x0000000000000000        0x0 c:/program files/microchip/xc8/v2.36/avr/bin/../lib/gcc/avr/5.4.0/../../../../avr/lib/avrxmega4/memx-const\libc.a(strlen.o)
 .note.GNU-stack
                0x0000000000000000        0x0 c:/program files/microchip/xc8/v2.36/avr/bin/../lib/gcc/avr/5.4.0/../../../../avr/lib/avrxmega4/memx-const\libc.a(_Exit.o)
 .note.GNU-stack
                0x0000000000000000        0x0 c:/program files/microchip/xc8/v2.36/avr/bin/../lib/gcc/avr/5.4.0/../../../../avr/lib/avrxmega4/memx-const\libc.a(vsnprintf.o)
 .note.GNU-stack
                0x0000000000000000        0x0 c:/program files/microchip/xc8/v2.36/avr/bin/../lib/gcc/avr/5.4.0/../../../../avr/lib/avrxmega4/memx-const\libc.a(vfprintf.o)
 .note.GNU-stack
                0x0000000000000000        0x0 c:/program files/microchip/xc8/v2.36/avr/bin/../lib/gcc/avr/5.4.0/../../../../avr/lib/avrxmega4/memx-const\libc.a(errno.o)
 .note.GNU-stack
                0x0000000000000000        0x0 c:/program files/microchip/xc8/v2.36/avr/bin/../lib/gcc/avr/5.4.0/../../../../avr/lib/avrxmega4/memx-const\libc.a(__printf_core.o)
 .note.GNU-stack
                0x0000000000000000        0x0 c:/program files/microchip/xc8/v2.36/avr/bin/../lib/gcc/avr/5.4.0/../../../../avr/lib/avrxmega4/memx-const\libc.a(fputc.o)
 .note.GNU-stack
                0x0000000000000000        0x0 c:/program files/microchip/xc8/v2.36/avr/bin/../lib/gcc/avr/5.4.0/../../../../avr/lib/avrxmega4/memx-const\libc.a(__pop_float.o)
 .note.GNU-stack
                0x0000000000000000        0x0 c:/program files/microchip/xc8/v2.36/avr/bin/../lib/gcc/avr/5.4.0/../../../../avr/lib/avrxmega4/memx-const\libc.a(__pop_int.o)
 .note.GNU-stack
                0x0000000000000000        0x0 c:/program files/microchip/xc8/v2.36/avr/bin/../lib/gcc/avr/5.4.0/../../../../avr/lib/avrxmega4/memx-const\libc.a(__pop_ptr.o)
 .note.GNU-stack
                0x0000000000000000        0x0 c:/program files/microchip/xc8/v2.36/avr/bin/../lib/gcc/avr/5.4.0/../../../../avr/lib/avrxmega4/memx-const\libc.a(atoi.o)
 .note.GNU-stack
                0x0000000000000000        0x0 c:/program files/microchip/xc8/v2.36/avr/bin/../lib/gcc/avr/5.4.0/../../../../avr/lib/avrxmega4/memx-const\libc.a(memset.o)
 .note.GNU-stack
                0x0000000000000000        0x0 c:/program files/microchip/xc8/v2.36/avr/bin/../lib/gcc/avr/5.4.0/../../../../avr/lib/avrxmega4/memx-const\libc.a(tolower.o)
 .note.GNU-stack
                0x0000000000000000        0x0 c:/program files/microchip/xc8/v2.36/avr/bin/../lib/gcc/avr/5.4.0/../../../../avr/lib/avrxmega4/memx-const\libc.a(__fmt_fp.o)
 .note.GNU-stack
                0x0000000000000000        0x0 c:/program files/microchip/xc8/v2.36/avr/bin/../lib/gcc/avr/5.4.0/../../../../avr/lib/avrxmega4/memx-const\libc.a(__fmt_s.o)
 .note.GNU-stack
                0x0000000000000000        0x0 c:/program files/microchip/xc8/v2.36/avr/bin/../lib/gcc/avr/5.4.0/../../../../avr/lib/avrxmega4/memx-const\libc.a(__fmt_a.o)
 .note.GNU-stack
                0x0000000000000000        0x0 c:/program files/microchip/xc8/v2.36/avr/bin/../lib/gcc/avr/5.4.0/../../../../avr/lib/avrxmega4/memx-const\libc.a(__fmt_d.o)
 .note.GNU-stack
                0x0000000000000000        0x0 c:/program files/microchip/xc8/v2.36/avr/bin/../lib/gcc/avr/5.4.0/../../../../avr/lib/avrxmega4/memx-const\libc.a(__fmt_o.o)
 .note.GNU-stack
                0x0000000000000000        0x0 c:/program files/microchip/xc8/v2.36/avr/bin/../lib/gcc/avr/5.4.0/../../../../avr/lib/avrxmega4/memx-const\libc.a(__fmt_u.o)
 .note.GNU-stack
                0x0000000000000000        0x0 c:/program files/microchip/xc8/v2.36/avr/bin/../lib/gcc/avr/5.4.0/../../../../avr/lib/avrxmega4/memx-const\libc.a(__fmt_x.o)
 .note.GNU-stack
                0x0000000000000000        0x0 c:/program files/microchip/xc8/v2.36/avr/bin/../lib/gcc/avr/5.4.0/../../../../avr/lib/avrxmega4/memx-const\libc.a(strcpy.o)
 .note.GNU-stack
                0x0000000000000000        0x0 c:/program files/microchip/xc8/v2.36/avr/bin/../lib/gcc/avr/5.4.0/../../../../avr/lib/avrxmega4/memx-const\libc.a(toupper.o)
 .note.GNU-stack
                0x0000000000000000        0x0 c:/program files/microchip/xc8/v2.36/avr/bin/../lib/gcc/avr/5.4.0/../../../../avr/lib/avrxmega4/memx-const\libm.a(cmpsf2.o)
 .note.GNU-stack
                0x0000000000000000        0x0 c:/program files/microchip/xc8/v2.36/avr/bin/../lib/gcc/avr/5.4.0/../../../../avr/lib/avrxmega4/memx-const\libm.a(fixsfsi.o)
 .note.GNU-stack
                0x0000000000000000        0x0 c:/program files/microchip/xc8/v2.36/avr/bin/../lib/gcc/avr/5.4.0/../../../../avr/lib/avrxmega4/memx-const\libm.a(fixunssfsi.o)
 .note.GNU-stack
                0x0000000000000000        0x0 c:/program files/microchip/xc8/v2.36/avr/bin/../lib/gcc/avr/5.4.0/../../../../avr/lib/avrxmega4/memx-const\libm.a(fp_cmp.o)
 .note.GNU-stack
                0x0000000000000000        0x0 c:/program files/microchip/xc8/v2.36/avr/bin/../lib/gcc/avr/5.4.0/../../../../avr/lib/avrxmega4/memx-const\libm.a(gesf2.o)
 .note.GNU-stack
                0x0000000000000000        0x0 c:/program files/microchip/xc8/v2.36/avr/bin/../lib/gcc/avr/5.4.0/../../../../avr/lib/avrxmega4/memx-const\libm.a(floorf.o)
 .note.GNU-stack
                0x0000000000000000        0x0 c:/program files/microchip/xc8/v2.36/avr/bin/../lib/gcc/avr/5.4.0/../../../../avr/lib/avrxmega4/memx-const\libm.a(fmaf.o)

.note.gnu.build-id
 *(.note.gnu.build-id)

.debug
 *(.debug)

.line
 *(.line)

.debug_srcinfo
 *(.debug_srcinfo)

.debug_sfnames
 *(.debug_sfnames)

.debug_aranges  0x0000000000000000       0x38
 *(.debug_aranges)
 .debug_aranges
                0x0000000000000000       0x38 build/default/production/main.o

.debug_pubnames
 *(.debug_pubnames)

.debug_info     0x0000000000000000     0x415c
 *(.debug_info .gnu.linkonce.wi.*)
 .debug_info    0x0000000000000000     0x3227 C:/Program Files/Microchip/MPLABX/v6.15/packs/Microchip/AVR-Dx_DFP/2.3.272/xc8/avr/lib/avrxmega4/memx-const/crtavr128da48.o
 .debug_info    0x0000000000003227      0xf35 build/default/production/main.o

.debug_abbrev   0x0000000000000000     0x31f0
 *(.debug_abbrev)
 .debug_abbrev  0x0000000000000000     0x2f80 C:/Program Files/Microchip/MPLABX/v6.15/packs/Microchip/AVR-Dx_DFP/2.3.272/xc8/avr/lib/avrxmega4/memx-const/crtavr128da48.o
 .debug_abbrev  0x0000000000002f80      0x270 build/default/production/main.o

.debug_line     0x0000000000000000      0x461
 *(.debug_line .debug_line.* .debug_line_end)
 .debug_line    0x0000000000000000      0x1f6 C:/Program Files/Microchip/MPLABX/v6.15/packs/Microchip/AVR-Dx_DFP/2.3.272/xc8/avr/lib/avrxmega4/memx-const/crtavr128da48.o
 .debug_line    0x00000000000001f6      0x26b build/default/production/main.o

.debug_frame    0x0000000000000000       0xac
 *(.debug_frame)
 .debug_frame   0x0000000000000000       0xac build/default/production/main.o

.debug_str      0x0000000000000000     0x1567
 *(.debug_str)
 .debug_str     0x0000000000000000     0x153f C:/Program Files/Microchip/MPLABX/v6.15/packs/Microchip/AVR-Dx_DFP/2.3.272/xc8/avr/lib/avrxmega4/memx-const/crtavr128da48.o
 .debug_str     0x000000000000153f       0x28 build/default/production/main.o

.debug_loc      0x0000000000000000       0x97
 *(.debug_loc)
 .debug_loc     0x0000000000000000       0x97 build/default/production/main.o

.debug_macinfo
 *(.debug_macinfo)

.debug_weaknames
 *(.debug_weaknames)

.debug_funcnames
 *(.debug_funcnames)

.debug_typenames
 *(.debug_typenames)

.debug_varnames
 *(.debug_varnames)

.debug_pubtypes
 *(.debug_pubtypes)

.debug_ranges   0x0000000000000000       0x28
 *(.debug_ranges)
 .debug_ranges  0x0000000000000000       0x28 build/default/production/main.o

.debug_macro
 *(.debug_macro)
OUTPUT(dist/default/production/Part_5_Solution_MCP9700.X.production.elf elf32-avr)
LOAD linker stubs
LOAD data_init

.note.gnu.avr.deviceinfo
                0x0000000000000000       0x40
 .note.gnu.avr.deviceinfo
                0x0000000000000000       0x40 C:/Program Files/Microchip/MPLABX/v6.15/packs/Microchip/AVR-Dx_DFP/2.3.272/xc8/avr/lib/avrxmega4/memx-const/crtavr128da48.o

.progmemx.data  0x0000000000000146       0x16
 .progmemx.data
                0x0000000000000146       0x16 build/default/production/main.o

.progmemx.data.state_table
                0x000000000000015c       0x16
 .progmemx.data.state_table
                0x000000000000015c       0x16 c:/program files/microchip/xc8/v2.36/avr/bin/../lib/gcc/avr/5.4.0/../../../../avr/lib/avrxmega4/memx-const\libc.a(__printf_core.o)

.progmemx.data  0x0000000000000172       0x10
 .progmemx.data
                0x0000000000000172       0x10 c:/program files/microchip/xc8/v2.36/avr/bin/../lib/gcc/avr/5.4.0/../../../../avr/lib/avrxmega4/memx-const\libc.a(__fmt_fp.o)

.progmemx.data  0x0000000000000182       0x10
 .progmemx.data
                0x0000000000000182       0x10 c:/program files/microchip/xc8/v2.36/avr/bin/../lib/gcc/avr/5.4.0/../../../../avr/lib/avrxmega4/memx-const\libc.a(__fmt_a.o)

.progmemx.data  0x0000000000000192        0x7
 .progmemx.data
                0x0000000000000192        0x7 c:/program files/microchip/xc8/v2.36/avr/bin/../lib/gcc/avr/5.4.0/../../../../avr/lib/avrxmega4/memx-const\libc.a(__fmt_s.o)

.progmemx.data  0x0000000000000199        0x6
 .progmemx.data
                0x0000000000000199        0x6 c:/program files/microchip/xc8/v2.36/avr/bin/../lib/gcc/avr/5.4.0/../../../../avr/lib/avrxmega4/memx-const\libc.a(__printf_core.o)

.text.__printf_core
                0x00000000000001a0      0x832
 .text.__printf_core
                0x00000000000001a0      0x832 c:/program files/microchip/xc8/v2.36/avr/bin/../lib/gcc/avr/5.4.0/../../../../avr/lib/avrxmega4/memx-const\libc.a(__printf_core.o)
                0x00000000000001a0                __printf_core

.text.__fmt_fp  0x00000000000009d2      0x6ba
 .text.__fmt_fp
                0x00000000000009d2      0x6ba c:/program files/microchip/xc8/v2.36/avr/bin/../lib/gcc/avr/5.4.0/../../../../avr/lib/avrxmega4/memx-const\libc.a(__fmt_fp.o)
                0x00000000000009d2                __fmt_f_needed
                0x00000000000009d2                __fmt_fp

.text.__fmt_a   0x000000000000108c      0x65c
 .text.__fmt_a  0x000000000000108c      0x65c c:/program files/microchip/xc8/v2.36/avr/bin/../lib/gcc/avr/5.4.0/../../../../avr/lib/avrxmega4/memx-const\libc.a(__fmt_a.o)
                0x000000000000108c                __fmt_a_needed
                0x000000000000108c                __fmt_a

.text.__fmt_x   0x00000000000016e8      0x280
 .text.__fmt_x  0x00000000000016e8      0x280 c:/program files/microchip/xc8/v2.36/avr/bin/../lib/gcc/avr/5.4.0/../../../../avr/lib/avrxmega4/memx-const\libc.a(__fmt_x.o)
                0x00000000000016e8                __fmt_x_needed
                0x00000000000016e8                __fmt_x

.text.__fmt_d   0x0000000000001968      0x17e
 .text.__fmt_d  0x0000000000001968      0x17e c:/program files/microchip/xc8/v2.36/avr/bin/../lib/gcc/avr/5.4.0/../../../../avr/lib/avrxmega4/memx-const\libc.a(__fmt_d.o)
                0x0000000000001968                __fmt_d
                0x0000000000001968                __fmt_d_needed

.text.__pop_int
                0x0000000000001ae6      0x172
 .text.__pop_int
                0x0000000000001ae6      0x172 c:/program files/microchip/xc8/v2.36/avr/bin/../lib/gcc/avr/5.4.0/../../../../avr/lib/avrxmega4/memx-const\libc.a(__pop_int.o)
                0x0000000000001ae6                __pop_int_needed
                0x0000000000001ae6                __pop_int

.text.__cvt_u   0x0000000000001c58      0x14a
 .text.__cvt_u  0x0000000000001c58      0x14a c:/program files/microchip/xc8/v2.36/avr/bin/../lib/gcc/avr/5.4.0/../../../../avr/lib/avrxmega4/memx-const\libc.a(__fmt_u.o)
                0x0000000000001c58                __cvt_u

.text.fmaf      0x0000000000001da2      0x13c
 .text.fmaf     0x0000000000001da2      0x13c c:/program files/microchip/xc8/v2.36/avr/bin/../lib/gcc/avr/5.4.0/../../../../avr/lib/avrxmega4/memx-const\libm.a(fmaf.o)
                0x0000000000001da2                fmaf

.text.floorf    0x0000000000001ede      0x126
 .text.floorf   0x0000000000001ede      0x126 c:/program files/microchip/xc8/v2.36/avr/bin/../lib/gcc/avr/5.4.0/../../../../avr/lib/avrxmega4/memx-const\libm.a(floorf.o)
                0x0000000000001ede                floorf

.text.__pad     0x0000000000002004      0x102
 .text.__pad    0x0000000000002004      0x102 c:/program files/microchip/xc8/v2.36/avr/bin/../lib/gcc/avr/5.4.0/../../../../avr/lib/avrxmega4/memx-const\libc.a(__printf_core.o)
                0x0000000000002004                __pad

.text           0x0000000000002106       0xde
 .text          0x0000000000002106       0xde c:/program files/microchip/xc8/v2.36/avr/bin/../lib/gcc/avr/5.4.0/../../../../avr/lib/avrxmega4/memx-const\libm.a(divsf3x.o)
                0x0000000000002106                __divsf3x
                0x000000000000212e                __divsf3_pse

.text.__pop_ptr
                0x00000000000021e4       0xd8
 .text.__pop_ptr
                0x00000000000021e4       0xd8 c:/program files/microchip/xc8/v2.36/avr/bin/../lib/gcc/avr/5.4.0/../../../../avr/lib/avrxmega4/memx-const\libc.a(__pop_ptr.o)
                0x00000000000021e4                __pop_ptr
                0x00000000000021e4                __pop_ptr_needed

.text           0x00000000000022bc       0xd4
 .text          0x00000000000022bc       0xd4 c:/program files/microchip/xc8/v2.36/avr/bin/../lib/gcc/avr/5.4.0/../../../../avr/lib/avrxmega4/memx-const\libm.a(mulsf3x.o)
                0x00000000000022bc                __mulsf3x
                0x00000000000022e2                __mulsf3_pse

.text.__fmt_o   0x0000000000002390       0xd4
 .text.__fmt_o  0x0000000000002390       0xd4 c:/program files/microchip/xc8/v2.36/avr/bin/../lib/gcc/avr/5.4.0/../../../../avr/lib/avrxmega4/memx-const\libc.a(__fmt_o.o)
                0x0000000000002390                __fmt_o
                0x0000000000002390                __fmt_o_needed

.text           0x0000000000002464       0xce
 .text          0x0000000000002464       0xce c:/program files/microchip/xc8/v2.36/avr/bin/../lib/gcc/avr/5.4.0/../../../../avr/lib/avrxmega4/memx-const\libm.a(addsf3x.o)
                0x0000000000002464                __addsf3x

.text.__fmt_s   0x0000000000002532       0xbe
 .text.__fmt_s  0x0000000000002532       0xbe c:/program files/microchip/xc8/v2.36/avr/bin/../lib/gcc/avr/5.4.0/../../../../avr/lib/avrxmega4/memx-const\libc.a(__fmt_s.o)
                0x0000000000002532                __fmt_s
                0x0000000000002532                __fmt_0_needed
                0x0000000000002532                __fmt_s_needed

.text.main      0x00000000000025f0       0xb2
 .text.main     0x00000000000025f0       0xb2 build/default/production/main.o
                0x00000000000025f0                main

.text.__fmt_u   0x00000000000026a2       0xb0
 .text.__fmt_u  0x00000000000026a2       0xb0 c:/program files/microchip/xc8/v2.36/avr/bin/../lib/gcc/avr/5.4.0/../../../../avr/lib/avrxmega4/memx-const\libc.a(__fmt_u.o)
                0x00000000000026a2                __fmt_u_needed
                0x00000000000026a2                __fmt_u

.text.__fmt_state
                0x0000000000002752       0xa4
 .text.__fmt_state
                0x0000000000002752       0xa4 c:/program files/microchip/xc8/v2.36/avr/bin/../lib/gcc/avr/5.4.0/../../../../avr/lib/avrxmega4/memx-const\libc.a(__printf_core.o)
                0x0000000000002752                __fmt_state

.text.libgcc.div
                0x00000000000027f6       0xa2
 .text.libgcc.div
                0x00000000000027f6       0xa2 c:/program files/microchip/xc8/v2.36/avr/bin/../lib/gcc/avr/5.4.0/avrxmega4/memx-const\libgcc.a(_udivmod64.o)
                0x00000000000027f6                __udivmod64

.text.vsnprintf
                0x0000000000002898       0x98
 .text.vsnprintf
                0x0000000000002898       0x98 c:/program files/microchip/xc8/v2.36/avr/bin/../lib/gcc/avr/5.4.0/../../../../avr/lib/avrxmega4/memx-const\libc.a(vsnprintf.o)
                0x0000000000002898                vsnprintf

.text.fputc     0x0000000000002930       0x92
 .text.fputc    0x0000000000002930       0x92 c:/program files/microchip/xc8/v2.36/avr/bin/../lib/gcc/avr/5.4.0/../../../../avr/lib/avrxmega4/memx-const\libc.a(fputc.o)
                0x0000000000002930                fputc
                0x0000000000002930                putc

.text.atoi      0x00000000000029c2       0x8c
 .text.atoi     0x00000000000029c2       0x8c c:/program files/microchip/xc8/v2.36/avr/bin/../lib/gcc/avr/5.4.0/../../../../avr/lib/avrxmega4/memx-const\libc.a(atoi.o)
                0x00000000000029c2                atoi

.text           0x0000000000002a4e       0x7a
 .text          0x0000000000002a4e       0x7a c:/program files/microchip/xc8/v2.36/avr/bin/../lib/gcc/avr/5.4.0/../../../../avr/lib/avrxmega4/memx-const\libm.a(floatsisf.o)
                0x0000000000002a4e                __floatunsisf
                0x0000000000002a52                __floatsisf

.text.__out     0x0000000000002ac8       0x6a
 .text.__out    0x0000000000002ac8       0x6a c:/program files/microchip/xc8/v2.36/avr/bin/../lib/gcc/avr/5.4.0/../../../../avr/lib/avrxmega4/memx-const\libc.a(__printf_core.o)
                0x0000000000002ac8                __out

.text           0x0000000000002b32       0x5e
 .text          0x0000000000002b32       0x5e c:/program files/microchip/xc8/v2.36/avr/bin/../lib/gcc/avr/5.4.0/../../../../avr/lib/avrxmega4/memx-const\libm.a(fixunssfsi.o)
                0x0000000000002b32                __fixunssfsi

.text.cdc_send_string
                0x0000000000002b90       0x52
 .text.cdc_send_string
                0x0000000000002b90       0x52 build/default/production/main.o
                0x0000000000002b90                cdc_send_string

.text.cdc_print
                0x0000000000002be2       0x4a
 .text.cdc_print
                0x0000000000002be2       0x4a build/default/production/main.o
                0x0000000000002be2                cdc_print

.text           0x0000000000002c2c       0x48
 .text          0x0000000000002c2c       0x48 c:/program files/microchip/xc8/v2.36/avr/bin/../lib/gcc/avr/5.4.0/../../../../avr/lib/avrxmega4/memx-const\libm.a(fp_cmp.o)
                0x0000000000002c2c                __fp_cmp

.text           0x0000000000002c74       0x44
 .text          0x0000000000002c74       0x44 c:/program files/microchip/xc8/v2.36/avr/bin/../lib/gcc/avr/5.4.0/../../../../avr/lib/avrxmega4/memx-const\libm.a(fp_split3.o)
                0x0000000000002c74                __fp_split3
                0x0000000000002c84                __fp_splitA

.text.__pop_float
                0x0000000000002cb8       0x40
 .text.__pop_float
                0x0000000000002cb8       0x40 c:/program files/microchip/xc8/v2.36/avr/bin/../lib/gcc/avr/5.4.0/../../../../avr/lib/avrxmega4/memx-const\libc.a(__pop_float.o)
                0x0000000000002cb8                __pop_float_needed
                0x0000000000002cb8                __pop_float

.text.libgcc.builtins
                0x0000000000002cf8       0x3c
 .text.libgcc.builtins
                0x0000000000002cf8       0x3c c:/program files/microchip/xc8/v2.36/avr/bin/../lib/gcc/avr/5.4.0/avrxmega4/memx-const\libgcc.a(_ashrdi3.o)
                0x0000000000002cf8                __ashrdi3
                0x0000000000002cfc                __lshrdi3

.text.libgcc.prologue
                0x0000000000002d34       0x32
 .text.libgcc.prologue
                0x0000000000002d34       0x32 c:/program files/microchip/xc8/v2.36/avr/bin/../lib/gcc/avr/5.4.0/avrxmega4/memx-const\libgcc.a(_prologue.o)
                0x0000000000002d34                __prologue_saves__

.text.vfprintf  0x0000000000002d66       0x30
 .text.vfprintf
                0x0000000000002d66       0x30 c:/program files/microchip/xc8/v2.36/avr/bin/../lib/gcc/avr/5.4.0/../../../../avr/lib/avrxmega4/memx-const\libc.a(vfprintf.o)
                0x0000000000002d66                vfprintf

.text.libgcc.prologue
                0x0000000000002d96       0x30
 .text.libgcc.prologue
                0x0000000000002d96       0x30 c:/program files/microchip/xc8/v2.36/avr/bin/../lib/gcc/avr/5.4.0/avrxmega4/memx-const\libgcc.a(_epilogue.o)
                0x0000000000002d96                __epilogue_restores__

.text.libgcc.div
                0x0000000000002dc6       0x28
 .text.libgcc.div
                0x0000000000002dc6       0x28 c:/program files/microchip/xc8/v2.36/avr/bin/../lib/gcc/avr/5.4.0/avrxmega4/memx-const\libgcc.a(_divmodhi4.o)
                0x0000000000002dc6                _div
                0x0000000000002dc6                __divmodhi4

.text.libgcc.div
                0x0000000000002dee       0x28
 .text.libgcc.div
                0x0000000000002dee       0x28 c:/program files/microchip/xc8/v2.36/avr/bin/../lib/gcc/avr/5.4.0/avrxmega4/memx-const\libgcc.a(_udivmodhi4.o)
                0x0000000000002dee                __udivmodhi4

.text.strlen    0x0000000000002e16       0x24
 .text.strlen   0x0000000000002e16       0x24 c:/program files/microchip/xc8/v2.36/avr/bin/../lib/gcc/avr/5.4.0/../../../../avr/lib/avrxmega4/memx-const\libc.a(strlen.o)
                0x0000000000002e16                strlen

.text           0x0000000000002e3a       0x22
 .text          0x0000000000002e3a       0x22 c:/program files/microchip/xc8/v2.36/avr/bin/../lib/gcc/avr/5.4.0/../../../../avr/lib/avrxmega4/memx-const\libm.a(fp_round.o)
                0x0000000000002e3a                __fp_round

.text.libgcc    0x0000000000002e5c       0x20
 .text.libgcc   0x0000000000002e5c       0x20 c:/program files/microchip/xc8/v2.36/avr/bin/../lib/gcc/avr/5.4.0/avrxmega4/memx-const\libgcc.a(_negdi2.o)
                0x0000000000002e5c                __negdi2

.text.strcpy    0x0000000000002e7c       0x1c
 .text.strcpy   0x0000000000002e7c       0x1c c:/program files/microchip/xc8/v2.36/avr/bin/../lib/gcc/avr/5.4.0/../../../../avr/lib/avrxmega4/memx-const\libc.a(strcpy.o)
                0x0000000000002e7c                strcpy

.text.libgcc.div
                0x0000000000002e98       0x1c
 .text.libgcc.div
                0x0000000000002e98       0x1c c:/program files/microchip/xc8/v2.36/avr/bin/../lib/gcc/avr/5.4.0/avrxmega4/memx-const\libgcc.a(_udivdi3.o)
                0x0000000000002e98                __umoddi3
                0x0000000000002e9c                __udivdi3
                0x0000000000002e9e                __udivdi3_umoddi3

.text.libgcc    0x0000000000002eb4       0x1c
 .text.libgcc   0x0000000000002eb4       0x1c c:/program files/microchip/xc8/v2.36/avr/bin/../lib/gcc/avr/5.4.0/avrxmega4/memx-const\libgcc.a(_movmemx.o)
                0x0000000000002eb4                __movmemx_qi
                0x0000000000002eb6                __movmemx_hi

.text.vsprintf  0x0000000000002ed0       0x18
 .text.vsprintf
                0x0000000000002ed0       0x18 c:/program files/microchip/xc8/v2.36/avr/bin/../lib/gcc/avr/5.4.0/../../../../avr/lib/avrxmega4/memx-const\libc.a(vsprintf.o)
                0x0000000000002ed0                vsprintf

.text.libgcc    0x0000000000002ee8       0x18
 .text.libgcc   0x0000000000002ee8       0x18 c:/program files/microchip/xc8/v2.36/avr/bin/../lib/gcc/avr/5.4.0/avrxmega4/memx-const\libgcc.a(_cmpdi2_s8.o)
                0x0000000000002ee8                __cmpdi2_s8

.text.libgcc    0x0000000000002f00       0x18
 .text.libgcc   0x0000000000002f00       0x18 c:/program files/microchip/xc8/v2.36/avr/bin/../lib/gcc/avr/5.4.0/avrxmega4/memx-const\libgcc.a(_adddi3_s8.o)
                0x0000000000002f00                __adddi3_s8

.text.exit      0x0000000000002f18       0x16
 .text.exit     0x0000000000002f18       0x16 c:/program files/microchip/xc8/v2.36/avr/bin/../lib/gcc/avr/5.4.0/../../../../avr/lib/avrxmega4/memx-const\libc.a(exit.o)
                0x0000000000002f18                exit

.text.memset    0x0000000000002f2e       0x12
 .text.memset   0x0000000000002f2e       0x12 c:/program files/microchip/xc8/v2.36/avr/bin/../lib/gcc/avr/5.4.0/../../../../avr/lib/avrxmega4/memx-const\libc.a(memset.o)
                0x0000000000002f2e                memset

.text.toupper   0x0000000000002f40       0x12
 .text.toupper  0x0000000000002f40       0x12 c:/program files/microchip/xc8/v2.36/avr/bin/../lib/gcc/avr/5.4.0/../../../../avr/lib/avrxmega4/memx-const\libc.a(toupper.o)
                0x0000000000002f40                toupper

.text.cdc_send_char
                0x0000000000002f52       0x10
 .text.cdc_send_char
                0x0000000000002f52       0x10 build/default/production/main.o
                0x0000000000002f52                cdc_send_char

.text.tolower   0x0000000000002f62       0x10
 .text.tolower  0x0000000000002f62       0x10 c:/program files/microchip/xc8/v2.36/avr/bin/../lib/gcc/avr/5.4.0/../../../../avr/lib/avrxmega4/memx-const\libc.a(tolower.o)
                0x0000000000002f62                tolower

.text           0x0000000000002f72        0xe
 .text          0x0000000000002f72        0xe c:/program files/microchip/xc8/v2.36/avr/bin/../lib/gcc/avr/5.4.0/../../../../avr/lib/avrxmega4/memx-const\libm.a(addsf3.o)
                0x0000000000002f72                __subsf3
                0x0000000000002f74                __addsf3

.text           0x0000000000002f80        0xe
 .text          0x0000000000002f80        0xe c:/program files/microchip/xc8/v2.36/avr/bin/../lib/gcc/avr/5.4.0/../../../../avr/lib/avrxmega4/memx-const\libm.a(fp_pscA.o)
                0x0000000000002f80                __fp_pscA

.text           0x0000000000002f8e        0xe
 .text          0x0000000000002f8e        0xe c:/program files/microchip/xc8/v2.36/avr/bin/../lib/gcc/avr/5.4.0/../../../../avr/lib/avrxmega4/memx-const\libm.a(fp_pscB.o)
                0x0000000000002f8e                __fp_pscB

.text           0x0000000000002f9c        0xe
 .text          0x0000000000002f9c        0xe c:/program files/microchip/xc8/v2.36/avr/bin/../lib/gcc/avr/5.4.0/../../../../avr/lib/avrxmega4/memx-const\libm.a(fp_zero.o)
                0x0000000000002f9c                __fp_zero
                0x0000000000002f9e                __fp_szero

.text.libgcc    0x0000000000002faa        0xe
 .text.libgcc   0x0000000000002faa        0xe c:/program files/microchip/xc8/v2.36/avr/bin/../lib/gcc/avr/5.4.0/avrxmega4/memx-const\libgcc.a(_xload_1.o)
                0x0000000000002faa                __xload_1

.text           0x0000000000002fb8        0xe
 .text          0x0000000000002fb8        0xe c:/program files/microchip/xc8/v2.36/avr/bin/../lib/gcc/avr/5.4.0/../../../../avr/lib/avrxmega4/memx-const\libm.a(fixsfsi.o)
                0x0000000000002fb8                __fixsfsi

.text           0x0000000000002fc6        0xc
 .text          0x0000000000002fc6        0xc c:/program files/microchip/xc8/v2.36/avr/bin/../lib/gcc/avr/5.4.0/../../../../avr/lib/avrxmega4/memx-const\libm.a(fp_inf.o)
                0x0000000000002fc6                __fp_inf

.text           0x0000000000002fd2        0xa
 .text          0x0000000000002fd2        0xa c:/program files/microchip/xc8/v2.36/avr/bin/../lib/gcc/avr/5.4.0/../../../../avr/lib/avrxmega4/memx-const\libm.a(cmpsf2.o)
                0x0000000000002fd2                __nesf2
                0x0000000000002fd2                __eqsf2
                0x0000000000002fd2                __cmpsf2
                0x0000000000002fd2                __ltsf2
                0x0000000000002fd2                __lesf2

.text           0x0000000000002fdc        0xa
 .text          0x0000000000002fdc        0xa c:/program files/microchip/xc8/v2.36/avr/bin/../lib/gcc/avr/5.4.0/../../../../avr/lib/avrxmega4/memx-const\libm.a(gesf2.o)
                0x0000000000002fdc                __gesf2
                0x0000000000002fdc                __gtsf2

.text           0x0000000000002fe6        0x8
 .text          0x0000000000002fe6        0x8 c:/program files/microchip/xc8/v2.36/avr/bin/../lib/gcc/avr/5.4.0/../../../../avr/lib/avrxmega4/memx-const\libm.a(divsf3.o)
                0x0000000000002fe6                __divsf3

.text           0x0000000000002fee        0x8
 .text          0x0000000000002fee        0x8 c:/program files/microchip/xc8/v2.36/avr/bin/../lib/gcc/avr/5.4.0/../../../../avr/lib/avrxmega4/memx-const\libm.a(mulsf3.o)
                0x0000000000002fee                __mulsf3

.text           0x0000000000002ff6        0x6
 .text          0x0000000000002ff6        0x6 c:/program files/microchip/xc8/v2.36/avr/bin/../lib/gcc/avr/5.4.0/../../../../avr/lib/avrxmega4/memx-const\libm.a(fp_nan.o)
                0x0000000000002ff6                __fp_nan

.text           0x0000000000002ffc        0x4
 .text          0x0000000000002ffc        0x4 C:/Program Files/Microchip/MPLABX/v6.15/packs/Microchip/AVR-Dx_DFP/2.3.272/xc8/avr/lib/avrxmega4/memx-const/crtavr128da48.o
                0x0000000000002ffc                __vector_38
                0x0000000000002ffc                __vector_22
                0x0000000000002ffc                __vector_28
                0x0000000000002ffc                __vector_1
                0x0000000000002ffc                __vector_32
                0x0000000000002ffc                __vector_34
                0x0000000000002ffc                __vector_24
                0x0000000000002ffc                __vector_12
                0x0000000000002ffc                __vector_55
                0x0000000000002ffc                __vector_46
                0x0000000000002ffc                __bad_interrupt
                0x0000000000002ffc                __vector_6
                0x0000000000002ffc                __vector_31
                0x0000000000002ffc                __vector_35
                0x0000000000002ffc                __vector_39
                0x0000000000002ffc                __vector_3
                0x0000000000002ffc                __vector_23
                0x0000000000002ffc                __vector_30
                0x0000000000002ffc                __vector_45
                0x0000000000002ffc                __vector_25
                0x0000000000002ffc                __vector_11
                0x0000000000002ffc                __vector_54
                0x0000000000002ffc                __vector_13
                0x0000000000002ffc                __vector_17
                0x0000000000002ffc                __vector_19
                0x0000000000002ffc                __vector_56
                0x0000000000002ffc                __vector_7
                0x0000000000002ffc                __vector_49
                0x0000000000002ffc                __vector_41
                0x0000000000002ffc                __vector_43
                0x0000000000002ffc                __vector_27
                0x0000000000002ffc                __vector_5
                0x0000000000002ffc                __vector_33
                0x0000000000002ffc                __vector_47
                0x0000000000002ffc                __vector_52
                0x0000000000002ffc                __vector_37
                0x0000000000002ffc                __vector_4
                0x0000000000002ffc                __vector_44
                0x0000000000002ffc                __vector_51
                0x0000000000002ffc                __vector_9
                0x0000000000002ffc                __vector_2
                0x0000000000002ffc                __vector_21
                0x0000000000002ffc                __vector_15
                0x0000000000002ffc                __vector_36
                0x0000000000002ffc                __vector_29
                0x0000000000002ffc                __vector_40
                0x0000000000002ffc                __vector_8
                0x0000000000002ffc                __vector_26
                0x0000000000002ffc                __vector_48
                0x0000000000002ffc                __vector_14
                0x0000000000002ffc                __vector_57
                0x0000000000002ffc                __vector_53
                0x0000000000002ffc                __vector_10
                0x0000000000002ffc                __vector_50
                0x0000000000002ffc                __vector_16
                0x0000000000002ffc                __vector_18
                0x0000000000002ffc                __vector_20
                0x0000000000002ffc                __vector_42

.text._Exit     0x0000000000003000        0x4
 .text._Exit    0x0000000000003000        0x4 c:/program files/microchip/xc8/v2.36/avr/bin/../lib/gcc/avr/5.4.0/../../../../avr/lib/avrxmega4/memx-const\libc.a(_Exit.o)
                0x0000000000003000                _Exit

.text.__dummy_fini
                0x0000000000003004        0x2
 .text.__dummy_fini
                0x0000000000003004        0x2 c:/program files/microchip/xc8/v2.36/avr/bin/../lib/gcc/avr/5.4.0/../../../../avr/lib/avrxmega4/memx-const\libc.a(exit.o)
                0x0000000000003004                _fini

.text.__dummy_funcs_on_exit
                0x0000000000003006        0x2
 .text.__dummy_funcs_on_exit
                0x0000000000003006        0x2 c:/program files/microchip/xc8/v2.36/avr/bin/../lib/gcc/avr/5.4.0/../../../../avr/lib/avrxmega4/memx-const\libc.a(exit.o)
                0x0000000000003006                __funcs_on_exit

.text.__dummy_simulator_exit
                0x0000000000003008        0x2
 .text.__dummy_simulator_exit
                0x0000000000003008        0x2 c:/program files/microchip/xc8/v2.36/avr/bin/../lib/gcc/avr/5.4.0/../../../../avr/lib/avrxmega4/memx-const\libc.a(exit.o)
                0x0000000000003008                __simulator_exit
